// Jest Snapshot v1, https://goo.gl/fbAQLP

exports[`links can change the outlet component 1`] = `
<div>
  <div
    class="App"
  >
    App
    <div
      data-testid="navbar"
    >
      <a
        href="/"
      >
        Home
      </a>
      <a
        href="/shop"
      >
        Shop
      </a>
    </div>
    <div
      data-testid="home"
    >
      Home Page
    </div>
  </div>
</div>
`;

exports[`renders the outlet 1`] = `
<div>
  <div
    class="App"
  >
    App
    <div
      data-testid="navbar"
    >
      <a
        href="/"
      >
        Home
      </a>
      <a
        href="/shop"
      >
        Shop
      </a>
    </div>
    <div
      data-testid="home"
    >
      Home Page
    </div>
  </div>
</div>
`;
